// Jest Snapshot v1, https://goo.gl/fbAQLP

exports[`should add two numbers 1`] = `
<span
  style={
    Object {
      "flexDirection": "row",
    }
  }
  unstable__transformChildren={[Function]}
>
  GetCertificate
  : 
   
</span>
`;
